../Middlewares/ST/touchgfx/framework/include/mvp/Presenter.hpp:37:18:virtual void touchgfx::Presenter::activate()	16	static
../Middlewares/ST/touchgfx/framework/include/mvp/Presenter.hpp:47:18:virtual void touchgfx::Presenter::deactivate()	16	static
../Middlewares/ST/touchgfx/framework/include/mvp/Presenter.hpp:52:13:touchgfx::Presenter::~Presenter()	16	static
../Middlewares/ST/touchgfx/framework/include/mvp/Presenter.hpp:52:13:virtual touchgfx::Presenter::~Presenter()	16	static
../Middlewares/ST/touchgfx/framework/include/mvp/Presenter.hpp:58:5:touchgfx::Presenter::Presenter()	16	static
../TouchGFX/gui/include/gui/model/ModelListener.hpp:9:5:ModelListener::ModelListener()	16	static
../TouchGFX/gui/include/gui/model/ModelListener.hpp:10:13:ModelListener::~ModelListener()	16	static
../TouchGFX/gui/include/gui/model/ModelListener.hpp:10:13:virtual ModelListener::~ModelListener()	16	static
../TouchGFX/gui/include/gui/model/ModelListener.hpp:15:18:virtual void ModelListener::onSomeEvent()	16	static
../TouchGFX/gui/include/gui/main_screen/MainView.hpp:18:10:void MainView::bindPresenter(MainPresenter*)	16	static
../TouchGFX/gui/src/main_screen/MainPresenter.cpp:4:1:MainPresenter::MainPresenter(MainView&)	16	static
../TouchGFX/gui/src/main_screen/MainPresenter.cpp:10:6:virtual void MainPresenter::activate()	16	static
../TouchGFX/gui/src/main_screen/MainPresenter.cpp:11:6:virtual void MainPresenter::deactivate()	16	static
../TouchGFX/gui/src/main_screen/MainPresenter.cpp:13:6:void MainPresenter::setDesiredValue(uint32_t)	16	static
../TouchGFX/gui/src/main_screen/MainPresenter.cpp:14:10:uint32_t MainPresenter::getDesiredValue() const	16	static
../TouchGFX/gui/include/gui/main_screen/MainPresenter.hpp:11:7:MainPresenter::~MainPresenter()	16	static
../TouchGFX/gui/include/gui/main_screen/MainPresenter.hpp:11:7:virtual MainPresenter::~MainPresenter()	16	static
