../Middlewares/ST/touchgfx/framework/include/mvp/Presenter.hpp:37:18:virtual void touchgfx::Presenter::activate()	16	static
../Middlewares/ST/touchgfx/framework/include/mvp/Presenter.hpp:47:18:virtual void touchgfx::Presenter::deactivate()	16	static
../Middlewares/ST/touchgfx/framework/include/mvp/Presenter.hpp:52:13:touchgfx::Presenter::~Presenter()	16	static
../Middlewares/ST/touchgfx/framework/include/mvp/Presenter.hpp:52:13:virtual touchgfx::Presenter::~Presenter()	16	static
../Middlewares/ST/touchgfx/framework/include/mvp/Presenter.hpp:58:5:touchgfx::Presenter::Presenter()	16	static
../TouchGFX/gui/include/gui/model/ModelListener.hpp:9:5:ModelListener::ModelListener()	16	static
../TouchGFX/gui/include/gui/model/ModelListener.hpp:10:13:ModelListener::~ModelListener()	16	static
../TouchGFX/gui/include/gui/model/ModelListener.hpp:10:13:virtual ModelListener::~ModelListener()	16	static
../TouchGFX/gui/include/gui/model/ModelListener.hpp:15:18:virtual void ModelListener::onSomeEvent()	16	static
../TouchGFX/gui/src/main_screen/MainPresenter.cpp:5:1:MainPresenter::MainPresenter(MainView&)	16	static
../TouchGFX/gui/src/main_screen/MainPresenter.cpp:7:6:virtual void MainPresenter::activate()	24	static
../TouchGFX/gui/src/main_screen/MainPresenter.cpp:17:6:virtual void MainPresenter::deactivate()	16	static
../TouchGFX/gui/src/main_screen/MainPresenter.cpp:19:6:void MainPresenter::setDesiredValue(SettingType, uint32_t)	32	static
../TouchGFX/gui/src/main_screen/MainPresenter.cpp:29:10:uint32_t MainPresenter::getDesiredValue(SettingType) const	16	static
../TouchGFX/gui/src/main_screen/MainPresenter.cpp:34:6:void MainPresenter::setCurrentSetting(SettingType)	16	static
../TouchGFX/gui/src/main_screen/MainPresenter.cpp:39:13:SettingType MainPresenter::getCurrentSetting() const	16	static
../TouchGFX/gui/include/gui/main_screen/MainPresenter.hpp:9:7:MainPresenter::~MainPresenter()	16	static
../TouchGFX/gui/include/gui/main_screen/MainPresenter.hpp:9:7:virtual MainPresenter::~MainPresenter()	16	static
