../Middlewares/ST/touchgfx/framework/include/touchgfx/hal/Types.hpp:91:5:touchgfx::colortype::colortype(uint32_t)	16	static
../Middlewares/ST/touchgfx/framework/include/touchgfx/hal/Types.hpp:114:5:touchgfx::colortype::operator uint32_t() const	16	static
../Middlewares/ST/touchgfx/framework/include/touchgfx/hal/Types.hpp:127:5:touchgfx::Rect::Rect()	16	static
../Middlewares/ST/touchgfx/framework/include/touchgfx/hal/FrameBufferAllocator.hpp:110:13:touchgfx::FrameBufferAllocator::~FrameBufferAllocator()	16	static
../Middlewares/ST/touchgfx/framework/include/touchgfx/hal/FrameBufferAllocator.hpp:110:13:virtual touchgfx::FrameBufferAllocator::~FrameBufferAllocator()	16	static
../Middlewares/ST/touchgfx/framework/include/touchgfx/hal/HAL.hpp:106:13:touchgfx::HAL::~HAL()	16	static
../Middlewares/ST/touchgfx/framework/include/touchgfx/hal/HAL.hpp:106:13:virtual touchgfx::HAL::~HAL()	16	static
../Middlewares/ST/touchgfx/framework/include/touchgfx/hal/HAL.hpp:115:17:static touchgfx::HAL* touchgfx::HAL::getInstance()	4	static
../Middlewares/ST/touchgfx/framework/include/touchgfx/hal/HAL.hpp:129:18:virtual void touchgfx::HAL::setDisplayOrientation(touchgfx::DisplayOrientation)	16	static
../Middlewares/ST/touchgfx/framework/include/touchgfx/hal/HAL.hpp:161:18:virtual void touchgfx::HAL::setFrameBufferSize(uint16_t, uint16_t)	16	static
../Middlewares/ST/touchgfx/framework/include/touchgfx/hal/HAL.hpp:240:18:virtual void touchgfx::HAL::submitGPU2D()	16	static
../Middlewares/ST/touchgfx/framework/include/touchgfx/hal/HAL.hpp:356:28:virtual touchgfx::BlitOperations touchgfx::HAL::getBlitCaps()	16	static
../Middlewares/ST/touchgfx/framework/include/touchgfx/hal/HAL.hpp:664:10:void touchgfx::HAL::vSync()	16	static
../Middlewares/ST/touchgfx/framework/include/touchgfx/hal/HAL.hpp:683:18:virtual void touchgfx::HAL::backPorchExited()	16	static
../Middlewares/ST/touchgfx/framework/include/touchgfx/hal/HAL.hpp:715:18:virtual bool touchgfx::HAL::sampleKey(uint8_t&)	16	static
../Middlewares/ST/touchgfx/framework/include/touchgfx/hal/HAL.hpp:765:18:virtual void touchgfx::HAL::setFrameBufferStartAddresses(void*, void*, void*)	24	static
../Middlewares/ST/touchgfx/framework/include/touchgfx/hal/HAL.hpp:782:18:virtual void touchgfx::HAL::setAnimationStorage(void*)	16	static
../Middlewares/ST/touchgfx/framework/include/touchgfx/hal/HAL.hpp:820:18:virtual void touchgfx::HAL::waitForLTDCLines(uint16_t)	16	static
../Middlewares/ST/touchgfx/framework/include/touchgfx/hal/HAL.hpp:922:10:void touchgfx::HAL::setFrameBufferAllocator(touchgfx::FrameBufferAllocator*)	16	static
../Middlewares/ST/touchgfx/framework/include/touchgfx/hal/HAL.hpp:932:27:touchgfx::FrameBufferAllocator* touchgfx::HAL::getFrameBufferAllocator()	16	static
../Middlewares/ST/touchgfx/framework/include/touchgfx/hal/HAL.hpp:943:30:virtual touchgfx::FlashDataReader* touchgfx::HAL::getFlashDataReader() const	16	static
../Middlewares/ST/touchgfx/framework/include/touchgfx/hal/HAL.hpp:1026:10:bool touchgfx::HAL::setFrameRefreshStrategy(FrameRefreshStrategy)	16	static
../Middlewares/ST/touchgfx/framework/include/touchgfx/hal/HAL.hpp:1105:18:virtual void touchgfx::HAL::taskDelay(uint16_t)	16	static
../Middlewares/ST/touchgfx/framework/include/touchgfx/hal/HAL.hpp:1132:22:virtual uint16_t touchgfx::HAL::getTFTCurrentLine()	16	static
../Middlewares/ST/touchgfx/framework/include/touchgfx/hal/HAL.hpp:1143:21:virtual touchgfx::DMAType touchgfx::HAL::getDMAType()	16	static
../Middlewares/ST/touchgfx/framework/include/touchgfx/hal/HAL.hpp:1290:18:virtual void touchgfx::HAL::partialLTDCDeadlineMissed()	16	static
../Middlewares/ST/touchgfx/framework/include/touchgfx/hal/HAL.hpp:1341:18:virtual void touchgfx::HAL::performDisplayOrientationChange()	24	static
../Middlewares/ST/touchgfx/framework/include/touchgfx/hal/HAL.hpp:1368:18:virtual void touchgfx::HAL::InvalidateCache()	16	static
../Middlewares/ST/touchgfx/framework/include/touchgfx/hal/HAL.hpp:1378:18:virtual void touchgfx::HAL::FlushCache()	16	static
../Middlewares/ST/touchgfx/framework/include/touchgfx/hal/HAL.hpp:1388:18:virtual void touchgfx::HAL::InvalidateTextureCache()	16	static
../TouchGFX/target/generated/TouchGFXGeneratedHAL.hpp:106:18:virtual void TouchGFXGeneratedHAL::flushFrameBuffer()	16	static
../Middlewares/ST/touchgfx/framework/include/touchgfx/hal/PaintImpl.hpp:32:6:void touchgfx::paint::setL8Palette(const uint8_t*)	16	static
../Middlewares/ST/touchgfx/framework/include/touchgfx/hal/PaintImpl.hpp:37:6:void touchgfx::paint::tearDown()	4	static
../Middlewares/ST/touchgfx/framework/include/touchgfx/hal/PaintImpl.hpp:41:6:void touchgfx::paint::flushLine(uint32_t*, int)	16	static
../Middlewares/ST/touchgfx/framework/include/touchgfx/hal/PaintImpl.hpp:45:6:void touchgfx::paint::invalidateTextureCache()	4	static
../Middlewares/ST/touchgfx/framework/include/touchgfx/hal/PaintRGB565Impl.hpp:125:6:void touchgfx::paint::rgb565::lineFromColor(uint16_t*, unsigned int, uint32_t, uint8_t, uint32_t)	48	static
../Middlewares/ST/touchgfx/framework/include/touchgfx/hal/PaintRGB565Impl.hpp:145:6:void touchgfx::paint::rgb565::lineFromRGB565(uint16_t*, const uint16_t*, unsigned int, uint8_t)	56	static
../Middlewares/ST/touchgfx/framework/include/touchgfx/hal/PaintRGB565Impl.hpp:167:6:void touchgfx::paint::rgb565::lineFromARGB8888(uint16_t*, const uint32_t*, unsigned int, uint8_t)	88	static
../Middlewares/ST/touchgfx/framework/include/touchgfx/hal/PaintRGB565Impl.hpp:189:6:void touchgfx::paint::rgb565::lineFromL8RGB888(uint16_t*, const uint8_t*, unsigned int, uint8_t)	80	static
../Middlewares/ST/touchgfx/framework/include/touchgfx/hal/PaintRGB565Impl.hpp:225:6:void touchgfx::paint::rgb565::lineFromL8ARGB8888(uint16_t*, const uint8_t*, unsigned int, uint8_t)	72	static
../TouchGFX/target/generated/TouchGFXGeneratedHAL.cpp:52:6:virtual void TouchGFXGeneratedHAL::initialize()	24	static
../TouchGFX/target/generated/TouchGFXGeneratedHAL.cpp:66:6:virtual void TouchGFXGeneratedHAL::configureInterrupts()	16	static
../TouchGFX/target/generated/TouchGFXGeneratedHAL.cpp:70:6:virtual void TouchGFXGeneratedHAL::enableInterrupts()	16	static
../TouchGFX/target/generated/TouchGFXGeneratedHAL.cpp:74:6:virtual void TouchGFXGeneratedHAL::disableInterrupts()	16	static
../TouchGFX/target/generated/TouchGFXGeneratedHAL.cpp:78:6:virtual void TouchGFXGeneratedHAL::enableLCDControllerInterrupt()	16	static
../TouchGFX/target/generated/TouchGFXGeneratedHAL.cpp:82:6:virtual bool TouchGFXGeneratedHAL::beginFrame()	16	static
../TouchGFX/target/generated/TouchGFXGeneratedHAL.cpp:87:6:virtual void TouchGFXGeneratedHAL::endFrame()	16	static
../TouchGFX/target/generated/TouchGFXGeneratedHAL.cpp:105:11:virtual uint16_t* TouchGFXGeneratedHAL::getTFTFrameBuffer() const	16	static
../TouchGFX/target/generated/TouchGFXGeneratedHAL.cpp:111:6:virtual void TouchGFXGeneratedHAL::setTFTFrameBuffer(uint16_t*)	16	static
../TouchGFX/target/generated/TouchGFXGeneratedHAL.cpp:116:6:virtual void TouchGFXGeneratedHAL::flushFrameBuffer(const touchgfx::Rect&)	40	static
../TouchGFX/target/generated/TouchGFXGeneratedHAL.cpp:133:6:virtual bool TouchGFXGeneratedHAL::blockCopy(void*, const void*, uint32_t)	24	static
../TouchGFX/target/generated/TouchGFXGeneratedHAL.cpp:149:13:void touchgfx::FrameBufferAllocatorWaitOnTransfer()	4	static
../TouchGFX/target/generated/TouchGFXGeneratedHAL.cpp:161:13:void touchgfx::FrameBufferAllocatorSignalBlockDrawn()	4	static
../TouchGFX/target/generated/TouchGFXGeneratedHAL.cpp:169:6:void touchgfx::startNewTransfer()	32	static
../TouchGFX/target/generated/TouchGFXGeneratedHAL.cpp:186:6:void touchgfx::DisplayDriver_TransferCompleteCallback()	8	static
../TouchGFX/target/generated/TouchGFXGeneratedHAL.cpp:194:6:void touchgfxSignalVSync()	8	static
../Middlewares/ST/touchgfx/framework/include/touchgfx/hal/FrameBufferAllocator.hpp:45:7:constexpr touchgfx::FrameBufferAllocator::FrameBufferAllocator()	16	static
../Middlewares/ST/touchgfx/framework/include/touchgfx/hal/FrameBufferAllocator.hpp:136:5:touchgfx::ManyBlockAllocator<block_size, blocks, bytes_pr_pixel>::ManyBlockAllocator() [with long unsigned int block_size = 2048; long unsigned int blocks = 3; long unsigned int bytes_pr_pixel = 2]	32	static
../Middlewares/ST/touchgfx/framework/include/touchgfx/hal/FrameBufferAllocator.hpp:133:7:touchgfx::ManyBlockAllocator<2048, 3, 2>::~ManyBlockAllocator()	16	static
../Middlewares/ST/touchgfx/framework/include/touchgfx/hal/FrameBufferAllocator.hpp:133:7:virtual touchgfx::ManyBlockAllocator<2048, 3, 2>::~ManyBlockAllocator()	16	static
../TouchGFX/target/generated/TouchGFXGeneratedHAL.hpp:30:7:TouchGFXGeneratedHAL::~TouchGFXGeneratedHAL()	16	static
../TouchGFX/target/generated/TouchGFXGeneratedHAL.hpp:30:7:virtual TouchGFXGeneratedHAL::~TouchGFXGeneratedHAL()	16	static
../TouchGFX/target/generated/TouchGFXGeneratedHAL.cpp:201:1:void __static_initialization_and_destruction_0()	8	static
../TouchGFX/target/generated/TouchGFXGeneratedHAL.cpp:201:1:void __static_initialization_and_destruction_1()	8	static
../Middlewares/ST/touchgfx/framework/include/touchgfx/hal/FrameBufferAllocator.hpp:159:22:uint16_t touchgfx::ManyBlockAllocator<block_size, blocks, bytes_pr_pixel>::allocateBlock(uint16_t, uint16_t, uint16_t, uint16_t, uint8_t**) [with long unsigned int block_size = 2048; long unsigned int blocks = 3; long unsigned int bytes_pr_pixel = 2]	32	static
../Middlewares/ST/touchgfx/framework/include/touchgfx/hal/FrameBufferAllocator.hpp:183:18:void touchgfx::ManyBlockAllocator<block_size, blocks, bytes_pr_pixel>::markBlockReadyForTransfer() [with long unsigned int block_size = 2048; long unsigned int blocks = 3; long unsigned int bytes_pr_pixel = 2]	16	static
../Middlewares/ST/touchgfx/framework/include/touchgfx/hal/FrameBufferAllocator.hpp:195:18:bool touchgfx::ManyBlockAllocator<block_size, blocks, bytes_pr_pixel>::hasBlockReadyForTransfer() [with long unsigned int block_size = 2048; long unsigned int blocks = 3; long unsigned int bytes_pr_pixel = 2]	24	static
../Middlewares/ST/touchgfx/framework/include/touchgfx/hal/FrameBufferAllocator.hpp:214:28:const uint8_t* touchgfx::ManyBlockAllocator<block_size, blocks, bytes_pr_pixel>::getBlockForTransfer(touchgfx::Rect&) [with long unsigned int block_size = 2048; long unsigned int blocks = 3; long unsigned int bytes_pr_pixel = 2]	16	static
../Middlewares/ST/touchgfx/framework/include/touchgfx/hal/FrameBufferAllocator.hpp:227:25:const touchgfx::Rect& touchgfx::ManyBlockAllocator<block_size, blocks, bytes_pr_pixel>::peekBlockForTransfer() [with long unsigned int block_size = 2048; long unsigned int blocks = 3; long unsigned int bytes_pr_pixel = 2]	24	static
../Middlewares/ST/touchgfx/framework/include/touchgfx/hal/FrameBufferAllocator.hpp:238:18:bool touchgfx::ManyBlockAllocator<block_size, blocks, bytes_pr_pixel>::hasEmptyBlock() [with long unsigned int block_size = 2048; long unsigned int blocks = 3; long unsigned int bytes_pr_pixel = 2]	24	static
../Middlewares/ST/touchgfx/framework/include/touchgfx/hal/FrameBufferAllocator.hpp:253:18:void touchgfx::ManyBlockAllocator<block_size, blocks, bytes_pr_pixel>::freeBlockAfterTransfer() [with long unsigned int block_size = 2048; long unsigned int blocks = 3; long unsigned int bytes_pr_pixel = 2]	16	static
../TouchGFX/target/generated/TouchGFXGeneratedHAL.cpp:201:1:cpp)	8	static
../TouchGFX/target/generated/TouchGFXGeneratedHAL.cpp:201:1:cpp)	8	static
