../Core/Src/main.c:95:5:main	40	static
../Core/Src/main.c:213:6:SystemClock_Config	88	static
../Core/Src/main.c:260:6:PeriphCommonClock_Config	72	static
../Core/Src/main.c:279:13:MX_CRC_Init	8	static
../Core/Src/main.c:305:13:MX_I2C1_Init	8	static
../Core/Src/main.c:339:13:MX_I2C3_Init	8	static
../Core/Src/main.c:373:13:MX_SPI1_Init	8	static
../Core/Src/main.c:411:13:MX_SPI2_Init	8	static
../Core/Src/main.c:449:13:MX_SPI3_Init	8	static
../Core/Src/main.c:487:13:MX_TIM2_Init	48	static
../Core/Src/main.c:536:13:MX_TIM3_Init	32	static
../Core/Src/main.c:579:13:MX_DMA_Init	16	static
../Core/Src/main.c:597:13:MX_GPIO_Init	48	static
../Core/Src/main.c:706:6:Error_Handler	4	static,ignoring_inline_asm
