../Core/Src/z_displ_ILI9XXX.c:53:6:Displ_Select	8	static
../Core/Src/z_displ_ILI9XXX.c:74:6:Displ_Transmit	32	static
../Core/Src/z_displ_ILI9XXX.c:141:6:Displ_WriteCommand	16	static
../Core/Src/z_displ_ILI9XXX.c:154:6:Displ_WriteData	24	static
../Core/Src/z_displ_ILI9XXX.c:166:6:ILI9XXX_Init	8	static
../Core/Src/z_displ_ILI9XXX.c:257:6:Displ_SetAddressWindow	24	static
../Core/Src/z_displ_ILI9XXX.c:277:6:Displ_Init	16	static
../Core/Src/z_displ_ILI9XXX.c:301:6:Displ_Orientation	16	static
../Core/Src/z_displ_ILI9XXX.c:333:6:HAL_SPI_ErrorCallback	16	static
../Core/Src/z_displ_ILI9XXX.c:344:6:HAL_SPI_TxCpltCallback	16	static
../Core/Src/z_displ_ILI9XXX.c:364:6:Displ_FillArea	56	static
../Core/Src/z_displ_ILI9XXX.c:1128:11:Displ_BackLight	16	static,ignoring_inline_asm
../Core/Src/z_displ_ILI9XXX.c:1198:5:touchgfxDisplayDriverTransmitActive	4	static
../Core/Src/z_displ_ILI9XXX.c:1212:6:touchgfxDisplayDriverTransmitBlock	32	static
../Core/Src/z_displ_ILI9XXX.c:1228:6:HAL_TIM_PeriodElapsedCallback	16	static
