../TouchGFX/generated/texts/src/TypedTextDatabase.cpp:50:43:const touchgfx::TypedText::TypedTextData* TypedTextDatabase::getInstance(touchgfx::LanguageId)	16	static
../TouchGFX/generated/texts/src/TypedTextDatabase.cpp:55:10:uint16_t TypedTextDatabase::getInstanceSize()	4	static
../TouchGFX/generated/texts/src/TypedTextDatabase.cpp:60:24:const touchgfx::Font** TypedTextDatabase::getFonts()	4	static
../TouchGFX/generated/texts/src/TypedTextDatabase.cpp:65:23:const touchgfx::Font* TypedTextDatabase::setFont(touchgfx::FontId, const touchgfx::Font*)	24	static
../TouchGFX/generated/texts/src/TypedTextDatabase.cpp:72:6:void TypedTextDatabase::resetFont(touchgfx::FontId)	16	static
../TouchGFX/generated/texts/src/TypedTextDatabase.cpp:93:1:void __static_initialization_and_destruction_0()	8	static
../TouchGFX/generated/texts/src/TypedTextDatabase.cpp:93:1:cpp)	8	static
